#-----------------------------------------------------------
# Webtalk v2019.1 (64-bit)
# SW Build 2552052 on Fri May 24 14:47:09 MDT 2019
# IP Build 2548770 on Fri May 24 18:01:18 MDT 2019
# Start of session at: Sat Dec  4 20:09:28 2021
# Process ID: 255874
# Current directory: /home/quantum/Documents/Oakland_university/Fall_2021/ECE5710/ECE5710_Final_Project/platform_100t/platform_100t.sim/sim_1/behav/xsim
# Command line: wbtcv -mode batch -source /home/quantum/Documents/Oakland_university/Fall_2021/ECE5710/ECE5710_Final_Project/platform_100t/platform_100t.sim/sim_1/behav/xsim/xsim.dir/Platform_top_behav/webtalk/xsim_webtalk.tcl -notrace
# Log file: /home/quantum/Documents/Oakland_university/Fall_2021/ECE5710/ECE5710_Final_Project/platform_100t/platform_100t.sim/sim_1/behav/xsim/webtalk.log
# Journal file: /home/quantum/Documents/Oakland_university/Fall_2021/ECE5710/ECE5710_Final_Project/platform_100t/platform_100t.sim/sim_1/behav/xsim/webtalk.jou
#-----------------------------------------------------------
source /home/quantum/Documents/Oakland_university/Fall_2021/ECE5710/ECE5710_Final_Project/platform_100t/platform_100t.sim/sim_1/behav/xsim/xsim.dir/Platform_top_behav/webtalk/xsim_webtalk.tcl -notrace
