#-----------------------------------------------------------
# Vivado v2019.1 (64-bit)
# SW Build 2552052 on Fri May 24 14:47:09 MDT 2019
# IP Build 2548770 on Fri May 24 18:01:18 MDT 2019
# Start of session at: Mon Dec 13 19:30:49 2021
# Process ID: 51577
# Current directory: /home/quantum/Documents/Oakland_university/Fall_2021/ECE5710/ECE5710_Final_Project/ver6-20211213T044435Z-001/ver6/final_project/final_project.runs/synth_1
# Command line: vivado -log vga_blocks_sprite_top.vds -product Vivado -mode batch -messageDb vivado.pb -notrace -source vga_blocks_sprite_top.tcl
# Log file: /home/quantum/Documents/Oakland_university/Fall_2021/ECE5710/ECE5710_Final_Project/ver6-20211213T044435Z-001/ver6/final_project/final_project.runs/synth_1/vga_blocks_sprite_top.vds
# Journal file: /home/quantum/Documents/Oakland_university/Fall_2021/ECE5710/ECE5710_Final_Project/ver6-20211213T044435Z-001/ver6/final_project/final_project.runs/synth_1/vivado.jou
#-----------------------------------------------------------
source vga_blocks_sprite_top.tcl -notrace
